// Jest Snapshot v1, https://goo.gl/fbAQLP

exports[`ConnectedSystemsTable should render correctly 1`] = `
<MemoryRouter
  keyLength={0}
>
  <Router
    history={
      Object {
        "action": "POP",
        "block": [Function],
        "canGo": [Function],
        "createHref": [Function],
        "entries": Array [
          Object {
            "hash": "",
            "pathname": "/",
            "search": "",
            "state": undefined,
          },
        ],
        "go": [Function],
        "goBack": [Function],
        "goForward": [Function],
        "index": 0,
        "length": 1,
        "listen": [Function],
        "location": Object {
          "hash": "",
          "pathname": "/",
          "search": "",
          "state": undefined,
        },
        "push": [Function],
        "replace": [Function],
      }
    }
  >
    <Provider
      store={
        Object {
          "clearActions": [Function],
          "dispatch": [Function],
          "getActions": [Function],
          "getState": [Function],
          "replaceReducer": [Function],
          "subscribe": [Function],
        }
      }
    >
      <Connect(SystemsTable)
        hasInventoryReadPermissions={true}
      >
        <SystemsTable
          driftClearFilters={[Function]}
          hasInventoryReadPermissions={true}
          selectEntities={[Function]}
          selectHistoricProfiles={[Function]}
          selectedSystemIds={Array []}
          setSelectedSystemIds={[Function]}
          updateColumns={[Function]}
        >
          <Spinner
            size="lg"
          >
            <span
              aria-valuetext="Loading..."
              className="pf-c-spinner pf-m-lg"
              role="progressbar"
            >
              <span
                className="pf-c-spinner__clipper"
              />
              <span
                className="pf-c-spinner__lead-ball"
              />
              <span
                className="pf-c-spinner__tail-ball"
              />
            </span>
          </Spinner>
        </SystemsTable>
      </Connect(SystemsTable)>
    </Provider>
  </Router>
</MemoryRouter>
`;

exports[`ConnectedSystemsTable should render radio correctly 1`] = `
<MemoryRouter
  keyLength={0}
>
  <Router
    history={
      Object {
        "action": "POP",
        "block": [Function],
        "canGo": [Function],
        "createHref": [Function],
        "entries": Array [
          Object {
            "hash": "",
            "pathname": "/",
            "search": "",
            "state": undefined,
          },
        ],
        "go": [Function],
        "goBack": [Function],
        "goForward": [Function],
        "index": 0,
        "length": 1,
        "listen": [Function],
        "location": Object {
          "hash": "",
          "pathname": "/",
          "search": "",
          "state": undefined,
        },
        "push": [Function],
        "replace": [Function],
      }
    }
  >
    <Provider
      store={
        Object {
          "clearActions": [Function],
          "dispatch": [Function],
          "getActions": [Function],
          "getState": [Function],
          "replaceReducer": [Function],
          "subscribe": [Function],
        }
      }
    >
      <Connect(SystemsTable)
        hasInventoryReadPermissions={true}
      >
        <SystemsTable
          driftClearFilters={[Function]}
          hasInventoryReadPermissions={true}
          selectEntities={[Function]}
          selectHistoricProfiles={[Function]}
          selectedSystemIds={Array []}
          setSelectedSystemIds={[Function]}
          updateColumns={[Function]}
        >
          <Spinner
            size="lg"
          >
            <span
              aria-valuetext="Loading..."
              className="pf-c-spinner pf-m-lg"
              role="progressbar"
            >
              <span
                className="pf-c-spinner__clipper"
              />
              <span
                className="pf-c-spinner__lead-ball"
              />
              <span
                className="pf-c-spinner__tail-ball"
              />
            </span>
          </Spinner>
        </SystemsTable>
      </Connect(SystemsTable)>
    </Provider>
  </Router>
</MemoryRouter>
`;
