// Jest Snapshot v1, https://goo.gl/fbAQLP

exports[`ConnectedEditBaselineToolbar should render correctly 1`] = `
<MemoryRouter
  keyLength={0}
>
  <Router
    history={
      Object {
        "action": "POP",
        "block": [Function],
        "canGo": [Function],
        "createHref": [Function],
        "entries": Array [
          Object {
            "hash": "",
            "pathname": "/",
            "search": "",
            "state": undefined,
          },
        ],
        "go": [Function],
        "goBack": [Function],
        "goForward": [Function],
        "index": 0,
        "length": 1,
        "listen": [Function],
        "location": Object {
          "hash": "",
          "pathname": "/",
          "search": "",
          "state": undefined,
        },
        "push": [Function],
        "replace": [Function],
      }
    }
  >
    <Provider
      store={
        Object {
          "clearActions": [Function],
          "dispatch": [Function],
          "getActions": [Function],
          "getState": [Function],
          "replaceReducer": [Function],
          "subscribe": [Function],
        }
      }
    >
      <EditBaselineToolbar
        isDisabled={false}
        onBulkSelect={[MockFunction]}
        selected={0}
      >
        <Toolbar
          className="display-margin"
        >
          <div
            className="pf-l-toolbar display-margin"
          >
            <ToolbarGroup>
              <div
                className="pf-l-toolbar__group"
              >
                <ToolbarItem>
                  <div
                    className="pf-l-toolbar__item"
                  >
                    <BulkSelect
                      checked={false}
                      className=""
                      count={null}
                      isDisabled={false}
                      items={
                        Array [
                          Object {
                            "key": "select-all",
                            "onClick": [Function],
                            "title": "Select all",
                          },
                          Object {
                            "key": "select-none",
                            "onClick": [Function],
                            "title": "Select none",
                          },
                        ]
                      }
                      onSelect={[Function]}
                    >
                      <Dropdown
                        className="ins-c-bulk-select"
                        dropdownItems={
                          Array [
                            <DropdownItem
                              component="button"
                              onClick={[Function]}
                            >
                              Select all
                            </DropdownItem>,
                            <DropdownItem
                              component="button"
                              onClick={[Function]}
                            >
                              Select none
                            </DropdownItem>,
                          ]
                        }
                        isOpen={false}
                        onSelect={[Function]}
                        toggle={
                          <DropdownToggle
                            isDisabled={false}
                            onToggle={[Function]}
                            splitButtonItems={
                              Array [
                                <React.Fragment>
                                  <DropdownToggleCheckbox
                                    aria-label="Select all"
                                    className=""
                                    id="toggle-checkbox"
                                    isChecked={false}
                                    isDisabled={false}
                                    isValid={true}
                                    onChange={[Function]}
                                  >
                                    
                                  </DropdownToggleCheckbox>
                                </React.Fragment>,
                              ]
                            }
                          />
                        }
                      >
                        <Component
                          className="ins-c-bulk-select"
                          dropdownItems={
                            Array [
                              <DropdownItem
                                component="button"
                                onClick={[Function]}
                              >
                                Select all
                              </DropdownItem>,
                              <DropdownItem
                                component="button"
                                onClick={[Function]}
                              >
                                Select none
                              </DropdownItem>,
                            ]
                          }
                          isOpen={false}
                          toggle={
                            <DropdownToggle
                              isDisabled={false}
                              onToggle={[Function]}
                              splitButtonItems={
                                Array [
                                  <React.Fragment>
                                    <DropdownToggleCheckbox
                                      aria-label="Select all"
                                      className=""
                                      id="toggle-checkbox"
                                      isChecked={false}
                                      isDisabled={false}
                                      isValid={true}
                                      onChange={[Function]}
                                    >
                                      
                                    </DropdownToggleCheckbox>
                                  </React.Fragment>,
                                ]
                              }
                            />
                          }
                        >
                          <ComponentWithOuia
                            component={[Function]}
                            componentProps={
                              Object {
                                "className": "ins-c-bulk-select",
                                "dropdownItems": Array [
                                  <DropdownItem
                                    component="button"
                                    onClick={[Function]}
                                  >
                                    Select all
                                  </DropdownItem>,
                                  <DropdownItem
                                    component="button"
                                    onClick={[Function]}
                                  >
                                    Select none
                                  </DropdownItem>,
                                ],
                                "isOpen": false,
                                "toggle": <DropdownToggle
                                  isDisabled={false}
                                  onToggle={[Function]}
                                  splitButtonItems={
                                    Array [
                                      <React.Fragment>
                                        <DropdownToggleCheckbox
                                          aria-label="Select all"
                                          className=""
                                          id="toggle-checkbox"
                                          isChecked={false}
                                          isDisabled={false}
                                          isValid={true}
                                          onChange={[Function]}
                                        >
                                          
                                        </DropdownToggleCheckbox>
                                      </React.Fragment>,
                                    ]
                                  }
                                />,
                              }
                            }
                            consumerContext={null}
                          >
                            <DropdownWithContext
                              autoFocus={true}
                              className="ins-c-bulk-select"
                              direction="down"
                              dropdownItems={
                                Array [
                                  <DropdownItem
                                    component="button"
                                    onClick={[Function]}
                                  >
                                    Select all
                                  </DropdownItem>,
                                  <DropdownItem
                                    component="button"
                                    onClick={[Function]}
                                  >
                                    Select none
                                  </DropdownItem>,
                                ]
                              }
                              isGrouped={false}
                              isOpen={false}
                              isPlain={false}
                              onSelect={[Function]}
                              ouiaComponentType="Dropdown"
                              ouiaContext={
                                Object {
                                  "isOuia": false,
                                  "ouiaId": null,
                                }
                              }
                              position="left"
                              toggle={
                                <DropdownToggle
                                  isDisabled={false}
                                  onToggle={[Function]}
                                  splitButtonItems={
                                    Array [
                                      <React.Fragment>
                                        <DropdownToggleCheckbox
                                          aria-label="Select all"
                                          className=""
                                          id="toggle-checkbox"
                                          isChecked={false}
                                          isDisabled={false}
                                          isValid={true}
                                          onChange={[Function]}
                                        >
                                          
                                        </DropdownToggleCheckbox>
                                      </React.Fragment>,
                                    ]
                                  }
                                />
                              }
                            >
                              <div
                                className="pf-c-dropdown ins-c-bulk-select"
                              >
                                <DropdownToggle
                                  ariaHasPopup={true}
                                  id="pf-toggle-id-0"
                                  isDisabled={false}
                                  isOpen={false}
                                  isPlain={false}
                                  key=".0"
                                  onEnter={[Function]}
                                  onToggle={[Function]}
                                  parentRef={
                                    Object {
                                      "current": <div
                                        class="pf-c-dropdown ins-c-bulk-select"
                                      >
                                        <div
                                          class="pf-c-dropdown__toggle pf-m-split-button"
                                        >
                                          <label
                                            class="pf-c-dropdown__toggle-check"
                                            for="toggle-checkbox"
                                          >
                                            <input
                                              aria-invalid="false"
                                              aria-label="Select all"
                                              id="toggle-checkbox"
                                              type="checkbox"
                                            />
                                            
                                          </label>
                                          <button
                                            aria-expanded="false"
                                            aria-haspopup="true"
                                            aria-label="Select"
                                            class="pf-c-dropdown__toggle-button"
                                            id="pf-toggle-id-0"
                                            type="button"
                                          >
                                            <svg
                                              aria-hidden="true"
                                              class=""
                                              fill="currentColor"
                                              height="1em"
                                              role="img"
                                              style="vertical-align: -0.125em;"
                                              viewBox="0 0 320 512"
                                              width="1em"
                                            >
                                              <path
                                                d="M31.3 192h257.3c17.8 0 26.7 21.5 14.1 34.1L174.1 354.8c-7.8 7.8-20.5 7.8-28.3 0L17.2 226.1C4.6 213.5 13.5 192 31.3 192z"
                                                transform=""
                                              />
                                            </svg>
                                          </button>
                                        </div>
                                      </div>,
                                    }
                                  }
                                  splitButtonItems={
                                    Array [
                                      <React.Fragment>
                                        <DropdownToggleCheckbox
                                          aria-label="Select all"
                                          className=""
                                          id="toggle-checkbox"
                                          isChecked={false}
                                          isDisabled={false}
                                          isValid={true}
                                          onChange={[Function]}
                                        >
                                          
                                        </DropdownToggleCheckbox>
                                      </React.Fragment>,
                                    ]
                                  }
                                >
                                  <div
                                    className="pf-c-dropdown__toggle pf-m-split-button"
                                  >
                                    <DropdownToggleCheckbox
                                      aria-label="Select all"
                                      className=""
                                      id="toggle-checkbox"
                                      isChecked={false}
                                      isDisabled={false}
                                      isValid={true}
                                      onChange={[Function]}
                                    >
                                      <label
                                        className="pf-c-dropdown__toggle-check"
                                        htmlFor="toggle-checkbox"
                                      >
                                        <input
                                          aria-invalid={false}
                                          aria-label="Select all"
                                          checked={false}
                                          disabled={false}
                                          id="toggle-checkbox"
                                          onChange={[Function]}
                                          type="checkbox"
                                        />
                                      </label>
                                    </DropdownToggleCheckbox>
                                    <Toggle
                                      aria-label="Select"
                                      ariaHasPopup={true}
                                      className=""
                                      id="pf-toggle-id-0"
                                      isActive={false}
                                      isDisabled={false}
                                      isFocused={false}
                                      isHovered={false}
                                      isOpen={false}
                                      isPlain={false}
                                      isPrimary={false}
                                      isSplitButton={true}
                                      onEnter={[Function]}
                                      onToggle={[Function]}
                                      parentRef={
                                        Object {
                                          "current": <div
                                            class="pf-c-dropdown ins-c-bulk-select"
                                          >
                                            <div
                                              class="pf-c-dropdown__toggle pf-m-split-button"
                                            >
                                              <label
                                                class="pf-c-dropdown__toggle-check"
                                                for="toggle-checkbox"
                                              >
                                                <input
                                                  aria-invalid="false"
                                                  aria-label="Select all"
                                                  id="toggle-checkbox"
                                                  type="checkbox"
                                                />
                                                
                                              </label>
                                              <button
                                                aria-expanded="false"
                                                aria-haspopup="true"
                                                aria-label="Select"
                                                class="pf-c-dropdown__toggle-button"
                                                id="pf-toggle-id-0"
                                                type="button"
                                              >
                                                <svg
                                                  aria-hidden="true"
                                                  class=""
                                                  fill="currentColor"
                                                  height="1em"
                                                  role="img"
                                                  style="vertical-align: -0.125em;"
                                                  viewBox="0 0 320 512"
                                                  width="1em"
                                                >
                                                  <path
                                                    d="M31.3 192h257.3c17.8 0 26.7 21.5 14.1 34.1L174.1 354.8c-7.8 7.8-20.5 7.8-28.3 0L17.2 226.1C4.6 213.5 13.5 192 31.3 192z"
                                                    transform=""
                                                  />
                                                </svg>
                                              </button>
                                            </div>
                                          </div>,
                                        }
                                      }
                                    >
                                      <button
                                        aria-expanded={false}
                                        aria-haspopup={true}
                                        aria-label="Select"
                                        className="pf-c-dropdown__toggle-button"
                                        disabled={false}
                                        id="pf-toggle-id-0"
                                        onClick={[Function]}
                                        onKeyDown={[Function]}
                                        type="button"
                                      >
                                        <CaretDownIcon
                                          className=""
                                          color="currentColor"
                                          noVerticalAlign={false}
                                          size="sm"
                                          title={null}
                                        >
                                          <svg
                                            aria-hidden={true}
                                            aria-labelledby={null}
                                            className=""
                                            fill="currentColor"
                                            height="1em"
                                            role="img"
                                            style={
                                              Object {
                                                "verticalAlign": "-0.125em",
                                              }
                                            }
                                            viewBox="0 0 320 512"
                                            width="1em"
                                          >
                                            <path
                                              d="M31.3 192h257.3c17.8 0 26.7 21.5 14.1 34.1L174.1 354.8c-7.8 7.8-20.5 7.8-28.3 0L17.2 226.1C4.6 213.5 13.5 192 31.3 192z"
                                              transform=""
                                            />
                                          </svg>
                                        </CaretDownIcon>
                                      </button>
                                    </Toggle>
                                  </div>
                                </DropdownToggle>
                              </div>
                            </DropdownWithContext>
                          </ComponentWithOuia>
                        </Component>
                      </Dropdown>
                    </BulkSelect>
                  </div>
                </ToolbarItem>
              </div>
            </ToolbarGroup>
            <ToolbarGroup>
              <div
                className="pf-l-toolbar__group"
              >
                <ToolbarItem>
                  <div
                    className="pf-l-toolbar__item"
                  >
                    <Connect(AddFactButton)>
                      <AddFactButton
                        setFactData={[Function]}
                        toggleFactModal={[Function]}
                      >
                        <Component
                          onClick={[Function]}
                          variant="primary"
                        >
                          <ComponentWithOuia
                            component={[Function]}
                            componentProps={
                              Object {
                                "children": "Add fact or category",
                                "onClick": [Function],
                                "variant": "primary",
                              }
                            }
                            consumerContext={null}
                          >
                            <Button
                              onClick={[Function]}
                              ouiaContext={
                                Object {
                                  "isOuia": false,
                                  "ouiaId": null,
                                }
                              }
                              variant="primary"
                            >
                              <button
                                aria-disabled={null}
                                aria-label={null}
                                className="pf-c-button pf-m-primary"
                                disabled={false}
                                onClick={[Function]}
                                tabIndex={null}
                                type="button"
                              >
                                Add fact or category
                              </button>
                            </Button>
                          </ComponentWithOuia>
                        </Component>
                      </AddFactButton>
                    </Connect(AddFactButton)>
                  </div>
                </ToolbarItem>
                <ToolbarItem>
                  <div
                    className="pf-l-toolbar__item"
                  >
                    <Connect(EditBaselineKebab)>
                      <EditBaselineKebab
                        dispatch={[Function]}
                        editBaselineTableData={
                          Array [
                            Array [
                              0,
                              "Sauron",
                              "the Dark Lord",
                            ],
                            Array [
                              1,
                              "Galadriel",
                              "the Elven Queen",
                            ],
                            Array [
                              2,
                              "The Fellowship of the Ring",
                              Array [
                                Array [
                                  3,
                                  "Frodo",
                                  "Baggins",
                                ],
                                Array [
                                  4,
                                  "Samwise",
                                  "Gamgee",
                                ],
                                Array [
                                  5,
                                  "Gandalf",
                                  "the Grey",
                                ],
                                Array [
                                  6,
                                  "Meriadoc",
                                  "Brandybuck",
                                ],
                                Array [
                                  7,
                                  "Peregrin",
                                  "Took",
                                ],
                                Array [
                                  8,
                                  "Gimli",
                                  "son of Gloin",
                                ],
                                Array [
                                  9,
                                  "Legolas",
                                  "Greenleaf",
                                ],
                                Array [
                                  10,
                                  "Boromir",
                                  "son of Denethor",
                                ],
                                Array [
                                  11,
                                  "Aragorn",
                                  "son of Arathorn",
                                ],
                              ],
                            ],
                          ]
                        }
                      >
                        <Dropdown
                          dropdownItems={
                            Array [
                              <DropdownItem
                                component="button"
                                isDisabled={true}
                                onClick={[Function]}
                              >
                                Delete facts
                              </DropdownItem>,
                            ]
                          }
                          isOpen={false}
                          isPlain={true}
                          style={
                            Object {
                              "float": "left",
                            }
                          }
                          toggle={
                            <KebabToggle
                              onToggle={[Function]}
                            />
                          }
                        >
                          <Component
                            dropdownItems={
                              Array [
                                <DropdownItem
                                  component="button"
                                  isDisabled={true}
                                  onClick={[Function]}
                                >
                                  Delete facts
                                </DropdownItem>,
                              ]
                            }
                            isOpen={false}
                            isPlain={true}
                            style={
                              Object {
                                "float": "left",
                              }
                            }
                            toggle={
                              <KebabToggle
                                onToggle={[Function]}
                              />
                            }
                          >
                            <ComponentWithOuia
                              component={[Function]}
                              componentProps={
                                Object {
                                  "dropdownItems": Array [
                                    <DropdownItem
                                      component="button"
                                      isDisabled={true}
                                      onClick={[Function]}
                                    >
                                      Delete facts
                                    </DropdownItem>,
                                  ],
                                  "isOpen": false,
                                  "isPlain": true,
                                  "style": Object {
                                    "float": "left",
                                  },
                                  "toggle": <KebabToggle
                                    onToggle={[Function]}
                                  />,
                                }
                              }
                              consumerContext={null}
                            >
                              <DropdownWithContext
                                autoFocus={true}
                                className=""
                                direction="down"
                                dropdownItems={
                                  Array [
                                    <DropdownItem
                                      component="button"
                                      isDisabled={true}
                                      onClick={[Function]}
                                    >
                                      Delete facts
                                    </DropdownItem>,
                                  ]
                                }
                                isGrouped={false}
                                isOpen={false}
                                isPlain={true}
                                onSelect={[Function]}
                                ouiaComponentType="Dropdown"
                                ouiaContext={
                                  Object {
                                    "isOuia": false,
                                    "ouiaId": null,
                                  }
                                }
                                position="left"
                                style={
                                  Object {
                                    "float": "left",
                                  }
                                }
                                toggle={
                                  <KebabToggle
                                    onToggle={[Function]}
                                  />
                                }
                              >
                                <div
                                  className="pf-c-dropdown"
                                  style={
                                    Object {
                                      "float": "left",
                                    }
                                  }
                                >
                                  <KebabToggle
                                    ariaHasPopup={true}
                                    id="pf-toggle-id-1"
                                    isOpen={false}
                                    isPlain={true}
                                    key=".0"
                                    onEnter={[Function]}
                                    onToggle={[Function]}
                                    parentRef={
                                      Object {
                                        "current": <div
                                          class="pf-c-dropdown"
                                          style="float: left;"
                                        >
                                          <button
                                            aria-expanded="false"
                                            aria-haspopup="true"
                                            aria-label="Actions"
                                            class="pf-c-dropdown__toggle pf-m-plain"
                                            id="pf-toggle-id-1"
                                            type="button"
                                          >
                                            <svg
                                              aria-hidden="true"
                                              fill="currentColor"
                                              height="1em"
                                              role="img"
                                              style="vertical-align: -0.125em;"
                                              viewBox="0 0 192 512"
                                              width="1em"
                                            >
                                              <path
                                                d="M96 184c39.8 0 72 32.2 72 72s-32.2 72-72 72-72-32.2-72-72 32.2-72 72-72zM24 80c0 39.8 32.2 72 72 72s72-32.2 72-72S135.8 8 96 8 24 40.2 24 80zm0 352c0 39.8 32.2 72 72 72s72-32.2 72-72-32.2-72-72-72-72 32.2-72 72z"
                                                transform=""
                                              />
                                            </svg>
                                          </button>
                                        </div>,
                                      }
                                    }
                                  >
                                    <Toggle
                                      aria-label="Actions"
                                      ariaHasPopup={true}
                                      className=""
                                      id="pf-toggle-id-1"
                                      isActive={false}
                                      isDisabled={false}
                                      isFocused={false}
                                      isHovered={false}
                                      isOpen={false}
                                      isPlain={true}
                                      isPrimary={false}
                                      isSplitButton={false}
                                      onEnter={[Function]}
                                      onToggle={[Function]}
                                      parentRef={
                                        Object {
                                          "current": <div
                                            class="pf-c-dropdown"
                                            style="float: left;"
                                          >
                                            <button
                                              aria-expanded="false"
                                              aria-haspopup="true"
                                              aria-label="Actions"
                                              class="pf-c-dropdown__toggle pf-m-plain"
                                              id="pf-toggle-id-1"
                                              type="button"
                                            >
                                              <svg
                                                aria-hidden="true"
                                                fill="currentColor"
                                                height="1em"
                                                role="img"
                                                style="vertical-align: -0.125em;"
                                                viewBox="0 0 192 512"
                                                width="1em"
                                              >
                                                <path
                                                  d="M96 184c39.8 0 72 32.2 72 72s-32.2 72-72 72-72-32.2-72-72 32.2-72 72-72zM24 80c0 39.8 32.2 72 72 72s72-32.2 72-72S135.8 8 96 8 24 40.2 24 80zm0 352c0 39.8 32.2 72 72 72s72-32.2 72-72-32.2-72-72-72-72 32.2-72 72z"
                                                  transform=""
                                                />
                                              </svg>
                                            </button>
                                          </div>,
                                        }
                                      }
                                    >
                                      <button
                                        aria-expanded={false}
                                        aria-haspopup={true}
                                        aria-label="Actions"
                                        className="pf-c-dropdown__toggle pf-m-plain"
                                        disabled={false}
                                        id="pf-toggle-id-1"
                                        onClick={[Function]}
                                        onKeyDown={[Function]}
                                        type="button"
                                      >
                                        <EllipsisVIcon
                                          color="currentColor"
                                          noVerticalAlign={false}
                                          size="sm"
                                          title={null}
                                        >
                                          <svg
                                            aria-hidden={true}
                                            aria-labelledby={null}
                                            fill="currentColor"
                                            height="1em"
                                            role="img"
                                            style={
                                              Object {
                                                "verticalAlign": "-0.125em",
                                              }
                                            }
                                            viewBox="0 0 192 512"
                                            width="1em"
                                          >
                                            <path
                                              d="M96 184c39.8 0 72 32.2 72 72s-32.2 72-72 72-72-32.2-72-72 32.2-72 72-72zM24 80c0 39.8 32.2 72 72 72s72-32.2 72-72S135.8 8 96 8 24 40.2 24 80zm0 352c0 39.8 32.2 72 72 72s72-32.2 72-72-32.2-72-72-72-72 32.2-72 72z"
                                              transform=""
                                            />
                                          </svg>
                                        </EllipsisVIcon>
                                      </button>
                                    </Toggle>
                                  </KebabToggle>
                                </div>
                              </DropdownWithContext>
                            </ComponentWithOuia>
                          </Component>
                        </Dropdown>
                      </EditBaselineKebab>
                    </Connect(EditBaselineKebab)>
                  </div>
                </ToolbarItem>
              </div>
            </ToolbarGroup>
          </div>
        </Toolbar>
      </EditBaselineToolbar>
    </Provider>
  </Router>
</MemoryRouter>
`;

exports[`EditBaselineToolbar should render correctly 1`] = `
<Toolbar
  className="display-margin"
>
  <ToolbarGroup>
    <ToolbarItem>
      <BulkSelect
        checked={false}
        className=""
        count={null}
        isDisabled={false}
        items={
          Array [
            Object {
              "key": "select-all",
              "onClick": [Function],
              "title": "Select all",
            },
            Object {
              "key": "select-none",
              "onClick": [Function],
              "title": "Select none",
            },
          ]
        }
        onSelect={[Function]}
      />
    </ToolbarItem>
  </ToolbarGroup>
  <ToolbarGroup>
    <ToolbarItem>
      <Connect(AddFactButton) />
    </ToolbarItem>
    <ToolbarItem>
      <Connect(EditBaselineKebab) />
    </ToolbarItem>
  </ToolbarGroup>
</Toolbar>
`;
