// Jest Snapshot v1, https://goo.gl/fbAQLP

exports[`table pagination should render correctly 1`] = `
<Component
  dropDirection="down"
  isCompact={false}
  itemCount={0}
  onPerPageSelect={[Function]}
  onSetPage={[Function]}
  page={0}
  perPage={50}
  perPageOptions={
    Array [
      Object {
        "title": "10",
        "value": 10,
      },
      Object {
        "title": "25",
        "value": 25,
      },
      Object {
        "title": "50",
        "value": 50,
      },
      Object {
        "title": "100",
        "value": 100,
      },
    ]
  }
/>
`;
