// Jest Snapshot v1, https://goo.gl/fbAQLP

exports[`BaselinesKebab should render correctly 1`] = `
<Fragment>
  <Dropdown
    dropdownItems={
      Array [
        <DropdownItem
          component="button"
          isDisabled={true}
          onClick={[Function]}
        >
          Delete baselines
        </DropdownItem>,
      ]
    }
    isOpen={false}
    isPlain={true}
    style={
      Object {
        "float": "left",
      }
    }
    toggle={
      <KebabToggle
        onToggle={[Function]}
      />
    }
  />
</Fragment>
`;
